// Jest Snapshot v1, https://goo.gl/fbAQLP

exports[`/environment returns 200 1`] = `"window.MI = {\\"auth\\":{},\\"hosts\\":{},\\"version\\":\\"npm_package_version\\"};"`;
